// Jest Snapshot v1, https://goo.gl/fbAQLP

exports[`Button renders correctly 1`] = `
<div>
  <button
    className="sc-bdnxRM llhdio"
  >
    Default Starter
  </button>
</div>
`;
